[template.dsngrid.com/exfolio/dark/creative.html]
[template.dsngrid.com/exfolio/dark/assets/img/logo-32x32.png]
[template.dsngrid.com/exfolio/dark/assets/img/logo-192x192.png]
[backblue.gif]
[fade.gif]
[index.html]
[template.dsngrid.com/exfolio/dark/assets/css/plugins.css]
[template.dsngrid.com/exfolio/dark/assets/css/style.css]
[template.dsngrid.com/exfolio/dark/assets/img/logo-light.png]
[template.dsngrid.com/exfolio/dark/assets/img/logo.png]
[template.dsngrid.com/exfolio/dark/index.html]
[template.dsngrid.com/exfolio/dark/corporate.html]
[template.dsngrid.com/exfolio/dark/architecture.html]
[template.dsngrid.com/exfolio/dark/photography.html]
[template.dsngrid.com/exfolio/dark/freelancer.html]
[template.dsngrid.com/exfolio/dark/personal.html]
[template.dsngrid.com/exfolio/dark/work.html]
[template.dsngrid.com/exfolio/dark/work-3.html]
[template.dsngrid.com/exfolio/dark/work-5.html]
[template.dsngrid.com/exfolio/dark/work-4.html]
[template.dsngrid.com/exfolio/dark/work-hover.html]
[template.dsngrid.com/exfolio/dark/work-horizontal-scroll.html]
[template.dsngrid.com/exfolio/dark/showcase-wall.html]
[template.dsngrid.com/exfolio/dark/work-2.html]
[template.dsngrid.com/exfolio/dark/project-1.html]
[template.dsngrid.com/exfolio/dark/project-2.html]
[template.dsngrid.com/exfolio/dark/project-3.html]
[template.dsngrid.com/exfolio/dark/project-4.html]
[template.dsngrid.com/exfolio/dark/project-5.html]
[template.dsngrid.com/exfolio/dark/project-6.html]
[template.dsngrid.com/exfolio/dark/project-7.html]
[template.dsngrid.com/exfolio/dark/about.html]
[template.dsngrid.com/exfolio/dark/contact.html]
[template.dsngrid.com/exfolio/dark/assets/img/img-under-header.jpg]
[template.dsngrid.com/exfolio/dark/assets/img/circle-dots.svg]
[template.dsngrid.com/exfolio/dark/assets/img/portfolio/project1/1.jpg]
[template.dsngrid.com/exfolio/dark/assets/img/portfolio/project2/1.jpg]
[template.dsngrid.com/exfolio/dark/assets/img/portfolio/project3/1.jpg]
[template.dsngrid.com/exfolio/dark/assets/img/portfolio/project4/1.jpg]
[template.dsngrid.com/exfolio/dark/assets/img/portfolio/project5/1.jpg]
[template.dsngrid.com/exfolio/dark/assets/img/portfolio/project6/1.jpg]
[template.dsngrid.com/exfolio/dark/assets/img/portfolio/project7/1.jpg]
[template.dsngrid.com/exfolio/dark/assets/img/testimonial/1.png]
[template.dsngrid.com/exfolio/dark/assets/img/team/5.jpg]
[template.dsngrid.com/exfolio/dark/assets/img/team/6.jpg]
[template.dsngrid.com/exfolio/dark/assets/img/team/7.jpg]
[template.dsngrid.com/exfolio/dark/assets/img/team/8.jpg]
[template.dsngrid.com/exfolio/dark/assets/img/blog/2.jpg]
[template.dsngrid.com/exfolio/dark/assets/img/blog/1.jpg]
[template.dsngrid.com/exfolio/dark/assets/img/blog/3.jpg]
[template.dsngrid.com/exfolio/dark/assets/img/brand/1.svg]
[template.dsngrid.com/exfolio/dark/assets/img/brand/2.svg]
[template.dsngrid.com/exfolio/dark/assets/img/brand/3.svg]
[template.dsngrid.com/exfolio/dark/assets/img/brand/4.svg]
[template.dsngrid.com/exfolio/dark/assets/img/brand/5.svg]
[template.dsngrid.com/exfolio/dark/assets/img/brand/6.svg]
[template.dsngrid.com/exfolio/dark/assets/img/brand/7.svg]
[template.dsngrid.com/exfolio/dark/assets/img/brand/9.svg]
[template.dsngrid.com/exfolio/dark/assets/js/jquery-3.7.1.min.js]
[template.dsngrid.com/exfolio/dark/assets/js/plugins/dsn-grid.min.js]
[template.dsngrid.com/exfolio/dark/creative.html]
[template.dsngrid.com/exfolio/dark/assets/js/custom.js]
[template.dsngrid.com/exfolio/dark/assets/js/plugins.min.js]
[template.dsngrid.com/exfolio/dark/assets/css/plugins/fontawesome-all.min.css]
[template.dsngrid.com/exfolio/dark/assets/css/plugins/swiper.min.css]
[template.dsngrid.com/exfolio/dark/assets/css/plugins/jquery.animatedheadline.css]
[template.dsngrid.com/exfolio/dark/assets/css/plugins/fancybox.css]
[template.dsngrid.com/exfolio/dark/assets/css/plugins/fjGallery.css]
[template.dsngrid.com/exfolio/dark/assets/css/global.css]
[template.dsngrid.com/exfolio/dark/assets/css/plugins.css]
[template.dsngrid.com/exfolio/dark/assets/img/shap-line.svg]
[template.dsngrid.com/exfolio/dark/assets/img/dotted.svg]
[template.dsngrid.com/exfolio/dark/assets/img/pngtree-dotted.png]
[template.dsngrid.com/exfolio/dark/assets/img/shape-awards.svg]
[template.dsngrid.com/exfolio/dark/assets/img/shape-awards2.svg]
[template.dsngrid.com/exfolio/dark/assets/css/style.css]
[template.dsngrid.com/exfolio/dark/assets/img/bg-video.jpg]
[template.dsngrid.com/exfolio/dark/assets/img/hero.jpg]
[template.dsngrid.com/exfolio/dark/assets/img/title/bg-1.jpg]
[template.dsngrid.com/exfolio/dark/assets/img/title/bg-2.jpg]
[template.dsngrid.com/exfolio/dark/assets/img/img-seat.jpg]
[template.dsngrid.com/exfolio/dark/assets/img/Shape1.svg]
[template.dsngrid.com/exfolio/dark/assets/img/logo-seat.svg]
[template.dsngrid.com/exfolio/dark/assets/img/g2.jpg]
[template.dsngrid.com/exfolio/dark/assets/img/title/bg-3.jpg]
[template.dsngrid.com/exfolio/dark/assets/img/team/1.jpg]
[template.dsngrid.com/exfolio/dark/assets/img/team/2.jpg]
[template.dsngrid.com/exfolio/dark/assets/img/team/3.jpg]
[template.dsngrid.com/exfolio/dark/assets/img/title/bg-4.jpg]
[template.dsngrid.com/exfolio/dark/index.html]
[template.dsngrid.com/exfolio/dark/assets/img/bg-personal.jpg]
[template.dsngrid.com/exfolio/dark/assets/img/hero-2.jpg]
[template.dsngrid.com/exfolio/dark/assets/img/services/1.jpg]
[template.dsngrid.com/exfolio/dark/assets/img/services/2.jpg]
[template.dsngrid.com/exfolio/dark/assets/img/services/3.jpg]
[template.dsngrid.com/exfolio/dark/assets/img/services/4.jpg]
[template.dsngrid.com/exfolio/dark/assets/img/services/5.jpg]
[template.dsngrid.com/exfolio/dark/assets/img/services/6.jpg]
[template.dsngrid.com/exfolio/dark/assets/img/photography/14.jpg]
[template.dsngrid.com/exfolio/dark/corporate.html]
[template.dsngrid.com/exfolio/dark/assets/img/bg-pattern-02.svg]
[template.dsngrid.com/exfolio/dark/assets/img/header-architecture.jpg]
[template.dsngrid.com/exfolio/dark/assets/img/about-arc.jpg]
[template.dsngrid.com/exfolio/dark/assets/img/icon-arc1.svg]
[template.dsngrid.com/exfolio/dark/assets/img/completion.svg]
[template.dsngrid.com/exfolio/dark/assets/img/img-arc2.jpg]
[template.dsngrid.com/exfolio/dark/assets/img/img-arc1.jpg]
[template.dsngrid.com/exfolio/dark/assets/img/img-arc3.jpg]
[template.dsngrid.com/exfolio/dark/assets/img/img-arc4.jpg]
[template.dsngrid.com/exfolio/dark/architecture.html]
[template.dsngrid.com/exfolio/dark/assets/img/photography/1.jpg]
[template.dsngrid.com/exfolio/dark/assets/img/photography/2.jpg]
[template.dsngrid.com/exfolio/dark/assets/img/photography/3.jpg]
[template.dsngrid.com/exfolio/dark/assets/img/photography/4.jpg]
[template.dsngrid.com/exfolio/dark/assets/img/photography/5.jpg]
[template.dsngrid.com/exfolio/dark/assets/img/photography/6.jpg]
[template.dsngrid.com/exfolio/dark/assets/img/photography/7.jpg]
[template.dsngrid.com/exfolio/dark/assets/img/photography/8.jpg]
[template.dsngrid.com/exfolio/dark/assets/img/photography/9.jpg]
[template.dsngrid.com/exfolio/dark/assets/img/photography/10.jpg]
[template.dsngrid.com/exfolio/dark/assets/img/photography/11.jpg]
[template.dsngrid.com/exfolio/dark/assets/img/photography/12.jpg]
[template.dsngrid.com/exfolio/dark/assets/img/photography/13.jpg]
[template.dsngrid.com/exfolio/dark/assets/img/photography/15.jpg]
[template.dsngrid.com/exfolio/dark/assets/img/photography/16.jpg]
[template.dsngrid.com/exfolio/dark/assets/img/photography/17.jpg]
[template.dsngrid.com/exfolio/dark/assets/img/photography/18.jpg]
[template.dsngrid.com/exfolio/dark/assets/img/photography/19.jpg]
[template.dsngrid.com/exfolio/dark/assets/img/photography/20.jpg]
[template.dsngrid.com/exfolio/dark/assets/img/photography/21.jpg]
[template.dsngrid.com/exfolio/dark/assets/img/photography/22.jpg]
[template.dsngrid.com/exfolio/dark/assets/img/photography/23.jpg]
[template.dsngrid.com/exfolio/dark/assets/img/photography/24.jpg]
[template.dsngrid.com/exfolio/dark/assets/img/photography/25.jpg]
[template.dsngrid.com/exfolio/dark/assets/img/photography/26.jpg]
[template.dsngrid.com/exfolio/dark/assets/img/testimonial/2.jpg]
[template.dsngrid.com/exfolio/dark/photography.html]
[template.dsngrid.com/exfolio/dark/assets/img/hero_img.webp]
[template.dsngrid.com/exfolio/dark/assets/img/skills/1.webp]
[template.dsngrid.com/exfolio/dark/assets/img/skills/2.webp]
[template.dsngrid.com/exfolio/dark/assets/img/skills/3.webp]
[template.dsngrid.com/exfolio/dark/assets/img/skills/4.webp]
[template.dsngrid.com/exfolio/dark/assets/img/skills/5.webp]
[template.dsngrid.com/exfolio/dark/assets/img/skills/6.png]
[template.dsngrid.com/exfolio/dark/freelancer.html]
[template.dsngrid.com/exfolio/dark/assets/img/header-personal.jpg]
[template.dsngrid.com/exfolio/dark/assets/img/header-personal-sm.jpg]
[template.dsngrid.com/exfolio/dark/assets/img/services/personal-1.jpg]
[template.dsngrid.com/exfolio/dark/assets/img/services/personal-2.jpg]
[template.dsngrid.com/exfolio/dark/assets/img/services/personal-3.jpg]
[template.dsngrid.com/exfolio/dark/personal.html]
[template.dsngrid.com/exfolio/dark/assets/img/bg.svg]
[template.dsngrid.com/exfolio/dark/work.html]
[template.dsngrid.com/exfolio/dark/work-3.html]
[template.dsngrid.com/exfolio/dark/work-5.html]
[template.dsngrid.com/exfolio/dark/work-4.html]
[template.dsngrid.com/exfolio/dark/work-hover.html]
[template.dsngrid.com/exfolio/dark/work-horizontal-scroll.html]
[template.dsngrid.com/exfolio/dark/showcase-wall.html]
[template.dsngrid.com/exfolio/dark/work-2.html]
[template.dsngrid.com/exfolio/dark/assets/img/portfolio/project1/2.jpg]
[template.dsngrid.com/exfolio/dark/assets/img/portfolio/project1/4.jpg]
[template.dsngrid.com/exfolio/dark/assets/img/portfolio/project1/3.jpg]
[template.dsngrid.com/exfolio/dark/assets/img/portfolio/project1/5.jpg]
[template.dsngrid.com/exfolio/dark/assets/img/portfolio/project1/6.jpg]
[template.dsngrid.com/exfolio/dark/assets/img/portfolio/project1/7.jpg]
[template.dsngrid.com/exfolio/dark/assets/img/portfolio/project1/8.jpg]
[template.dsngrid.com/exfolio/dark/assets/img/portfolio/project1/9.jpg]
[template.dsngrid.com/exfolio/dark/assets/img/portfolio/project1/10.jpg]
[template.dsngrid.com/exfolio/dark/assets/img/portfolio/project1/11.jpg]
[template.dsngrid.com/exfolio/dark/project-1.html]
[template.dsngrid.com/exfolio/dark/assets/img/portfolio/project2/2.jpg]
[template.dsngrid.com/exfolio/dark/assets/img/portfolio/project2/3.jpg]
[template.dsngrid.com/exfolio/dark/assets/img/portfolio/project2/4.jpg]
[template.dsngrid.com/exfolio/dark/assets/img/portfolio/project2/5.jpg]
[template.dsngrid.com/exfolio/dark/assets/img/portfolio/project2/6.jpg]
[template.dsngrid.com/exfolio/dark/project-2.html]
[template.dsngrid.com/exfolio/dark/assets/img/portfolio/project3/2.jpg]
[template.dsngrid.com/exfolio/dark/assets/img/portfolio/project3/3.jpg]
[template.dsngrid.com/exfolio/dark/assets/img/portfolio/project3/4.jpg]
[template.dsngrid.com/exfolio/dark/assets/img/portfolio/project3/5.jpg]
[template.dsngrid.com/exfolio/dark/assets/img/portfolio/project3/6.jpg]
[template.dsngrid.com/exfolio/dark/assets/img/portfolio/project3/7.jpg]
[template.dsngrid.com/exfolio/dark/assets/img/portfolio/project3/8.jpg]
[template.dsngrid.com/exfolio/dark/assets/img/portfolio/project3/9.jpg]
[template.dsngrid.com/exfolio/dark/project-3.html]
[template.dsngrid.com/exfolio/dark/assets/img/portfolio/project4/2.jpg]
[template.dsngrid.com/exfolio/dark/assets/img/portfolio/project4/3.jpg]
[template.dsngrid.com/exfolio/dark/assets/img/portfolio/project4/4.jpg]
[template.dsngrid.com/exfolio/dark/assets/img/portfolio/project4/5.jpg]
[template.dsngrid.com/exfolio/dark/assets/img/portfolio/project4/6.jpg]
[template.dsngrid.com/exfolio/dark/assets/img/portfolio/project4/8.jpg]
[template.dsngrid.com/exfolio/dark/assets/img/portfolio/project4/7.jpg]
[template.dsngrid.com/exfolio/dark/assets/img/portfolio/project4/9.jpg]
[template.dsngrid.com/exfolio/dark/project-4.html]
[template.dsngrid.com/exfolio/dark/assets/img/portfolio/project5/3.jpg]
[template.dsngrid.com/exfolio/dark/assets/img/portfolio/project5/4.jpg]
[template.dsngrid.com/exfolio/dark/assets/img/portfolio/project5/2.jpg]
[template.dsngrid.com/exfolio/dark/assets/img/portfolio/project5/5.jpg]
[template.dsngrid.com/exfolio/dark/project-5.html]
[template.dsngrid.com/exfolio/dark/assets/img/portfolio/project6/5.jpg]
[template.dsngrid.com/exfolio/dark/assets/img/portfolio/project6/2.jpg]
[template.dsngrid.com/exfolio/dark/assets/img/portfolio/project6/3.gif]
[template.dsngrid.com/exfolio/dark/assets/img/portfolio/project6/3.jpg]
[template.dsngrid.com/exfolio/dark/assets/img/portfolio/project6/4.jpg]
[template.dsngrid.com/exfolio/dark/assets/img/portfolio/project6/6.jpg]
[template.dsngrid.com/exfolio/dark/assets/img/portfolio/project6/7.jpg]
[template.dsngrid.com/exfolio/dark/assets/img/portfolio/project6/8.jpg]
[template.dsngrid.com/exfolio/dark/project-6.html]
[template.dsngrid.com/exfolio/dark/assets/img/portfolio/project7/10.jpg]
[template.dsngrid.com/exfolio/dark/assets/img/portfolio/project7/11.jpg]
[template.dsngrid.com/exfolio/dark/assets/img/portfolio/project7/12.jpg]
[template.dsngrid.com/exfolio/dark/assets/img/portfolio/project7/7.jpg]
[template.dsngrid.com/exfolio/dark/assets/img/portfolio/project7/8.jpg]
[template.dsngrid.com/exfolio/dark/assets/img/portfolio/project7/9.jpg]
[template.dsngrid.com/exfolio/dark/assets/img/portfolio/project7/6.jpg]
[template.dsngrid.com/exfolio/dark/assets/img/portfolio/project7/2.jpg]
[template.dsngrid.com/exfolio/dark/assets/img/portfolio/project7/3.jpg]
[template.dsngrid.com/exfolio/dark/assets/img/portfolio/project7/4.jpg]
[template.dsngrid.com/exfolio/dark/assets/img/portfolio/project7/5.jpg]
[template.dsngrid.com/exfolio/dark/project-7.html]
[template.dsngrid.com/exfolio/dark/assets/img/awwards/trophy.png]
[template.dsngrid.com/exfolio/dark/assets/img/testimonial/1.jpg]
[template.dsngrid.com/exfolio/dark/about.html]
[template.dsngrid.com/exfolio/dark/contact.html]
[template.dsngrid.com/exfolio/dark/assets/img/circle-dots.svg]
[template.dsngrid.com/exfolio/dark/assets/img/brand/1.svg]
[template.dsngrid.com/exfolio/dark/assets/img/brand/2.svg]
[template.dsngrid.com/exfolio/dark/assets/img/brand/3.svg]
[template.dsngrid.com/exfolio/dark/assets/img/brand/4.svg]
[template.dsngrid.com/exfolio/dark/assets/img/brand/5.svg]
[template.dsngrid.com/exfolio/dark/assets/img/brand/6.svg]
[template.dsngrid.com/exfolio/dark/assets/img/brand/7.svg]
[template.dsngrid.com/exfolio/dark/assets/img/brand/9.svg]
[template.dsngrid.com/exfolio/dark/assets/fonts/fa-brands-400.woff2]
[template.dsngrid.com/exfolio/dark/assets/fonts/fa-brands-400.woff]
[template.dsngrid.com/exfolio/dark/assets/fonts/fa-regular-400.woff2]
[template.dsngrid.com/exfolio/dark/assets/fonts/fa-regular-400.woff]
[template.dsngrid.com/exfolio/dark/assets/fonts/fa-solid-900.woff2]
[template.dsngrid.com/exfolio/dark/assets/fonts/fa-solid-900.woff]
[template.dsngrid.com/exfolio/dark/assets/css/plugins/fontawesome-all.min.css]
[template.dsngrid.com/exfolio/dark/assets/css/plugins/swiper.min.css]
[template.dsngrid.com/exfolio/dark/assets/css/plugins/jquery.animatedheadline.css]
[template.dsngrid.com/exfolio/dark/assets/css/plugins/fancybox.css]
[template.dsngrid.com/exfolio/dark/assets/css/plugins/fjGallery.css]
[template.dsngrid.com/exfolio/dark/assets/css/global.css]
[template.dsngrid.com/exfolio/dark/assets/img/dotted.svg]
[template.dsngrid.com/exfolio/dark/assets/img/shap-line.svg]
[template.dsngrid.com/exfolio/dark/assets/img/bg-line.html]
[template.dsngrid.com/exfolio/dark/assets/img/bg-arc.html]
[template.dsngrid.com/exfolio/dark/assets/img/shape-awards.svg]
[template.dsngrid.com/exfolio/dark/assets/img/shape-awards2.svg]
[template.dsngrid.com/exfolio/dark/assets/img/patterns.html]
[template.dsngrid.com/exfolio/dark/assets/img/Shape1.svg]
[template.dsngrid.com/exfolio/dark/assets/img/logo-seat.svg]
[template.dsngrid.com/exfolio/dark/assets/img/bg-pattern-02.svg]
[template.dsngrid.com/exfolio/dark/assets/img/icon-arc1.svg]
[template.dsngrid.com/exfolio/dark/assets/img/completion.svg]
[template.dsngrid.com/exfolio/dark/assets/img/bg.svg]
[template.dsngrid.com/exfolio/dark/assets/img/portfolio/project3/0.html]
[template.dsngrid.com/exfolio/dark/assets/fonts/fa-brands-400.html]
[template.dsngrid.com/exfolio/dark/assets/fonts/fa-brands-400d41d.html]
[template.dsngrid.com/exfolio/dark/assets/fonts/fa-brands-401.html]
[template.dsngrid.com/exfolio/dark/assets/fonts/fa-brands-402.html]
[template.dsngrid.com/exfolio/dark/assets/fonts/fa-regular-400.html]
[template.dsngrid.com/exfolio/dark/assets/fonts/fa-regular-400d41d.html]
[template.dsngrid.com/exfolio/dark/assets/fonts/fa-regular-401.html]
[template.dsngrid.com/exfolio/dark/assets/fonts/fa-regular-402.html]
[template.dsngrid.com/exfolio/dark/assets/fonts/fa-solid-900.html]
[template.dsngrid.com/exfolio/dark/assets/fonts/fa-solid-900d41d.html]
[template.dsngrid.com/exfolio/dark/assets/fonts/fa-solid-901.html]
[template.dsngrid.com/exfolio/dark/assets/fonts/fa-solid-902.html]
